ModelListener.hpp:18:18:virtual void ModelListener::notifyState()	0	static
ModelListener.hpp:19:18:virtual void ModelListener::notifyHV()	0	static
ModelListener.hpp:20:18:virtual void ModelListener::notifyLV()	0	static
ModelListener.hpp:21:18:virtual void ModelListener::notifyHVFaults()	0	static
ModelListener.hpp:22:18:virtual void ModelListener::notifyLVFaults()	0	static
Screen7Presenter.hpp:28:13:Screen7Presenter::~Screen7Presenter()	0	static
Screen7Presenter.cpp:10:6:virtual void Screen7Presenter::activate()	0	static
Screen7Presenter.hpp:28:13:virtual Screen7Presenter::~Screen7Presenter()	8	static
Screen7Presenter.hpp:28:13:virtual void* Screen7Presenter::_ZThn4_N16Screen7PresenterD1Ev()	0	static
Screen7Presenter.cpp:4:1:Screen7Presenter::Screen7Presenter(Screen7View&)	8	static
