Screen.hpp:103:18:virtual void touchgfx::Screen::afterTransition()	0	static
Screen.hpp:143:18:virtual void touchgfx::Screen::handleTickEvent()	0	static
Screen5View.hpp:11:13:Screen5View::~Screen5View()	0	static
Screen5View.cpp:18:6:virtual void Screen5View::tearDownScreen()	0	static
Screen5View.cpp:13:6:virtual void Screen5View::setupScreen()	0	static
Screen5View.cpp:202:6:virtual void Screen5View::updateHVFaults()	16	static
Screen5View.hpp:11:13:virtual Screen5View::~Screen5View()	8	static
Unicode.hpp:404:25:static touchgfx::Unicode::UnicodeChar* touchgfx::Unicode::snprintfFloat(touchgfx::Unicode::UnicodeChar*, uint16_t, const char*, float)	16	static
Screen5View.cpp:23:6:virtual void Screen5View::updateHV()	16	static
Screen5View.cpp:8:1:Screen5View::Screen5View()	8	static
