Screen.hpp:103:18:virtual void touchgfx::Screen::afterTransition()	0	static
Screen.hpp:143:18:virtual void touchgfx::Screen::handleTickEvent()	0	static
Screen6View.hpp:11:13:Screen6View::~Screen6View()	0	static
Screen6View.cpp:19:6:virtual void Screen6View::tearDownScreen()	0	static
Screen6View.cpp:14:6:virtual void Screen6View::setupScreen()	0	static
Screen6View.cpp:157:6:virtual void Screen6View::updateHVFaults()	16	static
Screen6View.hpp:11:13:virtual Screen6View::~Screen6View()	8	static
Unicode.hpp:404:25:static touchgfx::Unicode::UnicodeChar* touchgfx::Unicode::snprintfFloat(touchgfx::Unicode::UnicodeChar*, uint16_t, const char*, float)	16	static
Screen6View.cpp:24:6:virtual void Screen6View::updateHV()	16	static
Screen6View.cpp:9:1:Screen6View::Screen6View()	8	static
