ModelListener.hpp:18:18:virtual void ModelListener::notifyState()	0	static
ModelListener.hpp:19:18:virtual void ModelListener::notifyHV()	0	static
ModelListener.hpp:20:18:virtual void ModelListener::notifyLV()	0	static
ModelListener.hpp:21:18:virtual void ModelListener::notifyHVFaults()	0	static
ModelListener.hpp:22:18:virtual void ModelListener::notifyLVFaults()	0	static
ModelListener.hpp:23:18:virtual void ModelListener::notifyECUinfo()	0	static
Screen9Presenter.hpp:28:13:Screen9Presenter::~Screen9Presenter()	0	static
Screen9Presenter.cpp:10:6:virtual void Screen9Presenter::activate()	0	static
Screen9Presenter.cpp:20:6:virtual void Screen9Presenter::notifyPrechagrRelay()	0	static
Screen9Presenter.hpp:28:13:virtual Screen9Presenter::~Screen9Presenter()	8	static
Screen9Presenter.hpp:28:13:virtual void* Screen9Presenter::_ZThn4_N16Screen9PresenterD1Ev()	0	static
Screen9Presenter.cpp:4:1:Screen9Presenter::Screen9Presenter(Screen9View&)	8	static
