ModelListener.hpp:18:18:virtual void ModelListener::notifyState()	0	static
ModelListener.hpp:20:18:virtual void ModelListener::notifyLV()	0	static
ModelListener.hpp:22:18:virtual void ModelListener::notifyLVFaults()	0	static
Screen4Presenter.hpp:31:13:Screen4Presenter::~Screen4Presenter()	0	static
Screen4Presenter.cpp:10:6:virtual void Screen4Presenter::activate()	0	static
Screen4Presenter.cpp:20:6:virtual void Screen4Presenter::notifyHV()	0	static
Screen4Presenter.cpp:25:6:virtual void Screen4Presenter::notifyHVFaults()	0	static
Screen4Presenter.hpp:31:13:virtual Screen4Presenter::~Screen4Presenter()	8	static
Screen4Presenter.hpp:31:13:virtual void* Screen4Presenter::_ZThn4_N16Screen4PresenterD1Ev()	0	static
Screen4Presenter.cpp:4:1:Screen4Presenter::Screen4Presenter(Screen4View&)	8	static
