Screen.hpp:103:18:virtual void touchgfx::Screen::afterTransition()	0	static
Screen.hpp:143:18:virtual void touchgfx::Screen::handleTickEvent()	0	static
Screen3View.hpp:11:13:Screen3View::~Screen3View()	0	static
Screen3View.cpp:22:6:virtual void Screen3View::tearDownScreen()	0	static
Screen3View.cpp:17:6:virtual void Screen3View::setupScreen()	0	static
Screen3View.cpp:98:6:virtual void Screen3View::updateHVFaults()	16	static
Screen3View.hpp:11:13:virtual Screen3View::~Screen3View()	8	static
Unicode.hpp:404:25:static touchgfx::Unicode::UnicodeChar* touchgfx::Unicode::snprintfFloat(touchgfx::Unicode::UnicodeChar*, uint16_t, const char*, float)	16	static
Screen3View.cpp:27:6:virtual void Screen3View::updateHV()	24	static
Screen3View.cpp:12:1:Screen3View::Screen3View()	8	static
