Screen1Presenter.hpp:28:13:Screen1Presenter::~Screen1Presenter()	0	static
Screen1Presenter.cpp:10:6:virtual void Screen1Presenter::activate()	0	static
Screen1Presenter.cpp:20:6:virtual void Screen1Presenter::notifyHV()	0	static
Screen1Presenter.cpp:23:6:virtual void Screen1Presenter::notifyLV()	0	static
Screen1Presenter.cpp:26:6:virtual void Screen1Presenter::notifyState()	0	static
Screen1Presenter.hpp:28:13:virtual Screen1Presenter::~Screen1Presenter()	8	static
Screen1Presenter.hpp:28:13:virtual void* Screen1Presenter::_ZThn4_N16Screen1PresenterD1Ev()	0	static
Screen1Presenter.cpp:4:1:Screen1Presenter::Screen1Presenter(Screen1View&)	8	static
