Screen.hpp:103:18:virtual void touchgfx::Screen::afterTransition()	0	static
Screen4View.hpp:11:13:Screen4View::~Screen4View()	0	static
Screen4View.cpp:27:6:virtual void Screen4View::tearDownScreen()	0	static
Screen4View.cpp:22:6:virtual void Screen4View::setupScreen()	0	static
Screen4View.cpp:217:6:virtual void Screen4View::updateHVFaults()	16	static
Screen4View.hpp:11:13:virtual Screen4View::~Screen4View()	8	static
Screen4View.cpp:15:6:virtual void Screen4View::handleTickEvent()	8	static
Unicode.hpp:404:25:static touchgfx::Unicode::UnicodeChar* touchgfx::Unicode::snprintfFloat(touchgfx::Unicode::UnicodeChar*, uint16_t, const char*, float)	16	static
Screen4View.cpp:32:6:virtual void Screen4View::updateHV()	40	static
Screen4View.cpp:10:1:Screen4View::Screen4View()	8	static
