ModelListener.hpp:21:18:virtual void ModelListener::notifyHVFaults()	0	static
ModelListener.hpp:22:18:virtual void ModelListener::notifyLVFaults()	0	static
Screen1Presenter.hpp:28:13:Screen1Presenter::~Screen1Presenter()	0	static
Screen1Presenter.cpp:10:6:virtual void Screen1Presenter::activate()	0	static
Screen1Presenter.cpp:21:6:virtual void Screen1Presenter::notifyHV()	0	static
Screen1Presenter.cpp:25:6:virtual void Screen1Presenter::notifyLV()	0	static
Screen1Presenter.cpp:29:6:virtual void Screen1Presenter::notifyState()	0	static
Screen1Presenter.hpp:28:13:virtual Screen1Presenter::~Screen1Presenter()	8	static
Screen1Presenter.hpp:28:13:virtual void* Screen1Presenter::_ZThn4_N16Screen1PresenterD1Ev()	0	static
Screen1Presenter.cpp:4:1:Screen1Presenter::Screen1Presenter(Screen1View&)	8	static
