Screen.hpp:103:18:virtual void touchgfx::Screen::afterTransition()	0	static
Screen3View.hpp:11:13:Screen3View::~Screen3View()	0	static
Screen3View.cpp:30:6:virtual void Screen3View::tearDownScreen()	0	static
Screen3View.cpp:26:6:virtual void Screen3View::setupScreen()	0	static
Screen3View.cpp:126:6:virtual void Screen3View::updateHVFaults()	16	static
Screen3View.hpp:11:13:virtual Screen3View::~Screen3View()	8	static
Screen3View.cpp:19:6:virtual void Screen3View::handleTickEvent()	8	static
Unicode.hpp:404:25:static touchgfx::Unicode::UnicodeChar* touchgfx::Unicode::snprintfFloat(touchgfx::Unicode::UnicodeChar*, uint16_t, const char*, float)	16	static
Screen3View.cpp:34:6:virtual void Screen3View::updateHV()	24	static
Screen3View.cpp:15:1:Screen3View::Screen3View()	8	static
