ModelListener.hpp:18:18:virtual void ModelListener::notifyState()	0	static
ModelListener.hpp:19:18:virtual void ModelListener::notifyHV()	0	static
ModelListener.hpp:21:18:virtual void ModelListener::notifyHVFaults()	0	static
ModelListener.hpp:22:18:virtual void ModelListener::notifyLVFaults()	0	static
Screen8Presenter.hpp:30:13:Screen8Presenter::~Screen8Presenter()	0	static
Screen8Presenter.cpp:10:6:virtual void Screen8Presenter::activate()	0	static
Screen8Presenter.cpp:19:6:virtual void Screen8Presenter::notifyLV()	0	static
Screen8Presenter.hpp:30:13:virtual Screen8Presenter::~Screen8Presenter()	8	static
Screen8Presenter.hpp:30:13:virtual void* Screen8Presenter::_ZThn4_N16Screen8PresenterD1Ev()	0	static
Screen8Presenter.cpp:4:1:Screen8Presenter::Screen8Presenter(Screen8View&)	8	static
