Screen.hpp:103:18:virtual void touchgfx::Screen::afterTransition()	0	static
Screen1View.hpp:11:13:Screen1View::~Screen1View()	0	static
Screen1View.cpp:20:6:virtual void Screen1View::tearDownScreen()	0	static
Screen1View.cpp:15:6:virtual void Screen1View::setupScreen()	0	static
Screen1View.cpp:51:6:virtual void Screen1View::updateState()	8	static
Screen1View.cpp:84:6:virtual void Screen1View::updateLV()	8	static
Screen1View.cpp:58:6:virtual void Screen1View::updateHV()	8	static
Screen1View.hpp:11:13:virtual Screen1View::~Screen1View()	8	static
Screen1View.cpp:10:1:Screen1View::Screen1View()	8	static
