ModelListener.hpp:18:18:virtual void ModelListener::notifyState()	0	static
ModelListener.hpp:20:18:virtual void ModelListener::notifyLV()	0	static
ModelListener.hpp:22:18:virtual void ModelListener::notifyLVFaults()	0	static
ModelListener.hpp:23:18:virtual void ModelListener::notifyECUinfo()	0	static
ModelListener.hpp:24:18:virtual void ModelListener::notifyPrechagrRelay()	0	static
Screen5Presenter.hpp:31:13:Screen5Presenter::~Screen5Presenter()	0	static
Screen5Presenter.cpp:10:6:virtual void Screen5Presenter::activate()	0	static
Screen5Presenter.cpp:19:6:virtual void Screen5Presenter::notifyHV()	0	static
Screen5Presenter.cpp:22:6:virtual void Screen5Presenter::notifyHVFaults()	0	static
Screen5Presenter.hpp:31:13:virtual Screen5Presenter::~Screen5Presenter()	8	static
Screen5Presenter.hpp:31:13:virtual void* Screen5Presenter::_ZThn4_N16Screen5PresenterD1Ev()	0	static
Screen5Presenter.cpp:4:1:Screen5Presenter::Screen5Presenter(Screen5View&)	8	static
