ModelListener.hpp:18:18:virtual void ModelListener::notifyState()	0	static
ModelListener.hpp:20:18:virtual void ModelListener::notifyLV()	0	static
ModelListener.hpp:22:18:virtual void ModelListener::notifyLVFaults()	0	static
Screen3Presenter.hpp:31:13:Screen3Presenter::~Screen3Presenter()	0	static
Screen3Presenter.cpp:10:6:virtual void Screen3Presenter::activate()	0	static
Screen3Presenter.cpp:19:6:virtual void Screen3Presenter::notifyHV()	0	static
Screen3Presenter.cpp:23:6:virtual void Screen3Presenter::notifyHVFaults()	0	static
Screen3Presenter.hpp:31:13:virtual Screen3Presenter::~Screen3Presenter()	8	static
Screen3Presenter.hpp:31:13:virtual void* Screen3Presenter::_ZThn4_N16Screen3PresenterD1Ev()	0	static
Screen3Presenter.cpp:4:1:Screen3Presenter::Screen3Presenter(Screen3View&)	8	static
