Screen.hpp:103:18:virtual void touchgfx::Screen::afterTransition()	0	static
Screen2View.hpp:11:13:Screen2View::~Screen2View()	0	static
Screen2View.cpp:36:6:virtual void Screen2View::tearDownScreen()	0	static
Screen2View.cpp:31:6:virtual void Screen2View::setupScreen()	0	static
Screen2View.cpp:42:6:virtual void Screen2View::updateECUinfo()	16	static
Screen2View.hpp:11:13:virtual Screen2View::~Screen2View()	8	static
Screen2View.cpp:24:6:virtual void Screen2View::handleTickEvent()	8	static
Screen2View.cpp:20:1:Screen2View::Screen2View()	8	static
