Screen.hpp:103:18:virtual void touchgfx::Screen::afterTransition()	0	static
Screen5View.hpp:11:13:Screen5View::~Screen5View()	0	static
Screen5View.cpp:27:6:virtual void Screen5View::tearDownScreen()	0	static
Screen5View.cpp:22:6:virtual void Screen5View::setupScreen()	0	static
Screen5View.cpp:211:6:virtual void Screen5View::updateHVFaults()	16	static
Screen5View.hpp:11:13:virtual Screen5View::~Screen5View()	8	static
Screen5View.cpp:10:6:virtual void Screen5View::handleTickEvent()	8	static
Unicode.hpp:404:25:static touchgfx::Unicode::UnicodeChar* touchgfx::Unicode::snprintfFloat(touchgfx::Unicode::UnicodeChar*, uint16_t, const char*, float)	16	static
Screen5View.cpp:32:6:virtual void Screen5View::updateHV()	16	static
Screen5View.cpp:17:1:Screen5View::Screen5View()	8	static
