stm32f4xx_hal_msp.c:64:6:HAL_MspInit	8	static
stm32f4xx_hal_msp.c:88:6:HAL_CAN_MspInit	40	static
stm32f4xx_hal_msp.c:130:6:HAL_CAN_MspDeInit	8	static
stm32f4xx_hal_msp.c:163:6:HAL_CRC_MspInit	8	static
stm32f4xx_hal_msp.c:185:6:HAL_CRC_MspDeInit	0	static
stm32f4xx_hal_msp.c:207:6:HAL_DMA2D_MspInit	16	static
stm32f4xx_hal_msp.c:232:6:HAL_DMA2D_MspDeInit	0	static
stm32f4xx_hal_msp.c:257:6:HAL_DSI_MspInit	40	static
stm32f4xx_hal_msp.c:295:6:HAL_DSI_MspDeInit	8	static
stm32f4xx_hal_msp.c:325:6:HAL_I2C_MspInit	48	static
stm32f4xx_hal_msp.c:368:6:HAL_I2C_MspDeInit	8	static
stm32f4xx_hal_msp.c:399:6:HAL_LTDC_MspInit	72	static
stm32f4xx_hal_msp.c:436:6:HAL_LTDC_MspDeInit	0	static
stm32f4xx_hal_msp.c:461:6:HAL_QSPI_MspInit	56	static
stm32f4xx_hal_msp.c:516:6:HAL_QSPI_MspDeInit	8	static
stm32f4xx_hal_msp.c:682:6:HAL_SDRAM_MspInit	48	static
stm32f4xx_hal_msp.c:791:6:HAL_SDRAM_MspDeInit	8	static
